character_sheet:
  goal: Meet new aliens
  inventory:
  - Consortium uniform
  - Communicator
  - Pistol
  name: Ace
  role: Soldier
  stat: 4
  style: Heroic
meta:
  gamename: Lasers and feelings
  title: Unknown
system: landf
title: Test character
version: 0.0.4
