$defs:
  Bevapning:
    description: Armory.
    properties:
      hjalm:
        $ref: '#/$defs/Hjalm'
        subsection: true
        title: "Hj\xE4lm"
      rustning:
        $ref: '#/$defs/Rustning'
        subsection: true
      till_hands:
        constant: true
        header: true
        items:
          $ref: '#/$defs/Vapen'
        title: Till hands
        type: array
        widget: table
    required:
    - rustning
    - hjalm
    - till_hands
    title: Bevapning
    type: object
  Character:
    description: Character.
    properties:
      "F\xF6rm\xE5gor & besv\xE4rjelser":
        default: []
        items:
          type: string
        title: "F\xF6rm\xE5gor & Besv\xE4rjelser"
        type: array
      egenskaper:
        $ref: '#/$defs/Grundegenskaper'
        columns: 2
        default:
          FYS: 0
          INT: 0
          KAR: 0
          PSY: 0
          SMI: 0
          STY: 0
          arg: false
          krasslig: false
          omtocknad: false
          radd: false
          uppgiven: false
          utmattad: false
      fardigheter:
        $ref: '#/$defs/Fardigheter'
        columns: 2
        default:
          primar:
          - base: INT
            checked: false
            name: Bestiologi
            value: 0
          - base: KAR
            checked: false
            name: Bluffa
            value: 0
          - base: SMI
            checked: false
            name: "Fingerf\xE4rdighet"
            value: 0
          - base: INT
            checked: false
            name: Finna dolda ting
            value: 0
          - base: INT
            checked: false
            name: "Fr\xE4mmande spr\xE5k"
            value: 0
          - base: STY
            checked: false
            name: Hantverk
            value: 0
          - base: SMI
            checked: false
            name: "Hoppa & kl\xE4ttra"
            value: 0
          - base: SMI
            checked: false
            name: Jakt & fiske
            value: 0
          - base: KAR
            checked: false
            name: "K\xF6psl\xE5"
            value: 0
          - base: INT
            checked: false
            name: "L\xE4kekonst"
            value: 0
          - base: INT
            checked: false
            name: Myter & legender
            value: 0
          - base: SMI
            checked: false
            name: Rida
            value: 0
          - base: SMI
            checked: false
            name: Simma
            value: 0
          - base: INT
            checked: false
            name: "Sj\xF6kunnighet"
            value: 0
          - base: SMI
            checked: false
            name: Smyga
            value: 0
          - base: SMI
            checked: false
            name: Undvika
            value: 0
          - base: KAR
            checked: false
            name: "Upptr\xE4da"
            value: 0
          - base: INT
            checked: false
            name: "Uppt\xE4cka fara"
            value: 0
          - base: INT
            checked: false
            name: Vildmarksvana
            value: 0
          - base: KAR
            checked: false
            name: "\xD6vertala"
            value: 0
          sekundarafardigheter: []
          vapenfardigheter:
          - base: SMI
            checked: false
            name: Armborst
            value: 0
          - base: STY
            checked: false
            name: Hammare
            value: 0
          - base: SMI
            checked: false
            name: Kniv
            value: 0
          - base: SMI
            checked: false
            name: "Pilb\xE5ge"
            value: 0
          - base: STY
            checked: false
            name: "Slagsm\xE5l"
            value: 0
          - base: SMI
            checked: false
            name: Slunga
            value: 0
          - base: STY
            checked: false
            name: Spjut
            value: 0
          - base: SMI
            checked: false
            name: Stav
            value: 0
          - base: STY
            checked: false
            name: "Sv\xE4rd"
            value: 0
          - base: STY
            checked: false
            name: Yxa
            value: 0
        title: "F\xE4rdigheter"
      packning:
        $ref: '#/$defs/Packning'
        default:
          barformoga: 0
          items:
          - '-'
          - '-'
          - '-'
          - '-'
          - '-'
          - '-'
          - '-'
          - '-'
          - '-'
          - '-'
          minnessak: '-'
          smaasaker: []
      pengar:
        $ref: '#/$defs/Pengar'
        default:
          guldmynt: 0
          kopparmynt: 0
          silvermynt: 0
      personalia:
        $ref: '#/$defs/Personalia'
        columns: 2
        default:
          alder: Ung
          namn: Inget namn
          slakte: "M\xE4nniska"
          svaghet: Odefinerad
          utseende: Odefinerad
          yrke: Bard
      sekundara_egenskaper:
        $ref: '#/$defs/SekundaraEgenskaper'
        default:
          forflyttning: 0
          kroppspoang:
            anvanda: 0
            dodsslag:
              lyckade: 0
              misslyckade: 0
            poang: 0
          skadebonus_smi: '-'
          skadebonus_sty: '-'
          viljepoang:
            anvanda: 0
            poang: 0
        title: "Sekund\xE4ra egenskaper"
      vapen:
        $ref: '#/$defs/Bevapning'
        default:
          hjalm:
            "avst\xE5ndsattacker": false
            "skyddsv\xE4rde": 0
            typ: Ingen
            "uppt\xE4cka_fara": false
          rustning:
            hoppa_och_klattra: false
            "skyddsv\xE4rde": 0
            smyga: false
            typ: Ingen
            undvika: false
          till_hands:
          - "brytv\xE4rde": '-'
            egenskaper: Krossande
            grepp: '-'
            "r\xE4ckvidd": '2'
            skada: T6
            vapen: "Obev\xE4pnad"
          - "brytv\xE4rde": '-'
            egenskaper: Krossande
            grepp: '-'
            "r\xE4ckvidd": '2'
            skada: T6
            vapen: "Obev\xE4pnad"
          - "brytv\xE4rde": '-'
            egenskaper: Krossande
            grepp: '-'
            "r\xE4ckvidd": '2'
            skada: T6
            vapen: "Obev\xE4pnad"
        title: "Bev\xE4pning"
    required:
    - personalia
    - egenskaper
    - sekundara_egenskaper
    - "F\xF6rm\xE5gor & besv\xE4rjelser"
    - fardigheter
    - packning
    - pengar
    - vapen
    title: Character
    type: object
  Dodsslag:
    description: Death rolls.
    properties:
      lyckade:
        default: 0
        maximum: 3
        minimum: 0
        title: Lyckade
        type: integer
        widget: progress
      misslyckade:
        default: 0
        maximum: 3
        minimum: 0
        title: Misslyckade
        type: integer
        widget: progress
    required:
    - lyckade
    - misslyckade
    title: Dodsslag
    type: object
  Fardighet:
    description: Skill.
    properties:
      base:
        default: STY
        enum:
        - STY
        - FYS
        - SMI
        - INT
        - PSY
        - KAR
        filter: parenthesize
        title: Base
        type: string
      checked:
        default: false
        hide_heading: true
        title: Checked
        type: boolean
      name:
        default: namn
        title: Name
        type: string
      value:
        default: 0
        title: Value
        type: integer
    required:
    - checked
    - name
    - base
    - value
    title: Fardighet
    type: object
  Fardigheter:
    description: Skills.
    properties:
      primar:
        constant: true
        constant_fields:
        - name
        - base
        heading: false
        hide_title: true
        items:
          $ref: '#/$defs/Fardighet'
        title: Primar
        type: array
        widget: table
      sekundarafardigheter:
        constant: false
        items:
          $ref: '#/$defs/Fardighet'
        title: "Sekund\xE4ra f\xE4rdigheter"
        type: array
        widget: table
      vapenfardigheter:
        constant: true
        constant_fields:
        - name
        - base
        items:
          $ref: '#/$defs/Fardighet'
        title: "Vapenf\xE4rdigheter"
        type: array
        widget: table
    required:
    - primar
    - vapenfardigheter
    - sekundarafardigheter
    title: Fardigheter
    type: object
  Grundegenskaper:
    description: Attributes.
    properties:
      FYS:
        default: 0
        maximum: 18
        minimum: 0
        title: Fysik (FYS)
        type: integer
      INT:
        default: 0
        maximum: 18
        minimum: 0
        title: Intelligens (INT)
        type: integer
      KAR:
        default: 0
        maximum: 18
        minimum: 0
        title: Karisma (KAR)
        type: integer
      PSY:
        default: 0
        maximum: 18
        minimum: 0
        title: Psyke (PSY)
        type: integer
      SMI:
        default: 0
        maximum: 18
        minimum: 0
        title: Smidighet (SMI)
        type: integer
      STY:
        default: 0
        maximum: 18
        minimum: 0
        title: Styrke (STY)
        type: integer
      arg:
        default: false
        title: Arg
        type: boolean
      krasslig:
        default: false
        title: Krasslig
        type: boolean
      omtocknad:
        default: false
        title: "Omt\xF6cknad"
        type: boolean
      radd:
        default: false
        title: "R\xE4dd"
        type: boolean
      uppgiven:
        default: false
        title: Uppgiven
        type: boolean
      utmattad:
        default: false
        title: Utmattad
        type: boolean
    required:
    - STY
    - FYS
    - SMI
    - INT
    - PSY
    - KAR
    - utmattad
    - krasslig
    - omtocknad
    - arg
    - radd
    - uppgiven
    title: Grundegenskaper
    type: object
  Hjalm:
    description: Helmet.
    properties:
      "avst\xE5ndsattacker":
        default: false
        title: "Avst\xE5ndsattacker"
        type: boolean
      "skyddsv\xE4rde":
        default: 0
        title: "Skyddsv\xE4rde"
        type: integer
      typ:
        default: Ingen
        title: Typ
        type: string
      "uppt\xE4cka_fara":
        default: false
        title: "Uppt\xE4cka fara"
        type: boolean
    required:
    - typ
    - "skyddsv\xE4rde"
    - "uppt\xE4cka_fara"
    - "avst\xE5ndsattacker"
    title: Hjalm
    type: object
  Kroppspoang:
    description: Hit points.
    properties:
      anvanda:
        default: 0
        maximum: 20
        title: "Anv\xE4nda"
        type: integer
        widget: progress
      dodsslag:
        $ref: '#/$defs/Dodsslag'
        default:
          lyckade: 0
          misslyckade: 0
        title: "D\xF6dsslag"
      poang:
        default: 0
        maximum: 20
        title: "Po\xE4ng"
        type: integer
    required:
    - poang
    - anvanda
    - dodsslag
    title: Kroppspoang
    type: object
  Packning:
    description: Inventory.
    properties:
      barformoga:
        default: 0
        maximum: 10
        minimum: 0
        title: "B\xE4rform\xE5ga"
        type: integer
      items:
        constant: true
        items:
          type: string
        title: Items
        type: array
      minnessak:
        default: '-'
        title: Minnessak
        type: string
      smaasaker:
        default: []
        items:
          type: string
        title: "Sm\xE5saker"
        type: array
    required:
    - barformoga
    - items
    - minnessak
    - smaasaker
    title: Packning
    type: object
  Pengar:
    description: Money.
    properties:
      guldmynt:
        default: 0
        title: Guldmynt
        type: integer
      kopparmynt:
        default: 0
        title: Kopparmynt
        type: integer
      silvermynt:
        default: 0
        title: Silvermynt
        type: integer
    required:
    - guldmynt
    - silvermynt
    - kopparmynt
    title: Pengar
    type: object
  Personalia:
    description: Personalia.
    properties:
      alder:
        default: Ung
        enum:
        - Ung
        - "Medel\xE5lders"
        - Gammal
        title: "\xC5lder"
        type: string
      namn:
        default: Inget namn
        title: Namn
        type: string
      slakte:
        default: "M\xE4nniska"
        enum:
        - "M\xE4nniska"
        - Halvling
        - "Dv\xE4rg"
        - Alv
        - Anka
        - Vargfolk
        title: "Sl\xE4kte"
        type: string
      svaghet:
        default: Odefinerad
        title: Svaghet
        type: string
      utseende:
        default: Odefinerad
        title: Utseende
        type: string
      yrke:
        default: Bard
        enum:
        - Bard
        - Hantverkare
        - "J\xE4gare"
        - Krigare
        - "L\xE4rd"
        - Magiker
        - Nasare
        - Riddare
        - "Sj\xF6farare"
        - Tjuv
        title: Yrke
        type: string
    required:
    - namn
    - slakte
    - alder
    - yrke
    - svaghet
    - utseende
    title: Personalia
    type: object
  Rustning:
    description: Armor.
    properties:
      hoppa_och_klattra:
        default: false
        title: "Hoppa & kl\xE4ttra"
        type: boolean
      "skyddsv\xE4rde":
        default: 0
        title: "Skyddsv\xE4rde"
        type: integer
      smyga:
        default: false
        title: Smyga
        type: boolean
      typ:
        default: Ingen
        title: Typ
        type: string
      undvika:
        default: false
        title: Undvika
        type: boolean
    required:
    - typ
    - "skyddsv\xE4rde"
    - smyga
    - undvika
    - hoppa_och_klattra
    title: Rustning
    type: object
  SekundaraEgenskaper:
    description: Secondary skills.
    properties:
      forflyttning:
        block: inline
        default: 0
        title: "F\xF6rflyttning"
        type: integer
      kroppspoang:
        $ref: '#/$defs/Kroppspoang'
        default:
          anvanda: 0
          dodsslag:
            lyckade: 0
            misslyckade: 0
          poang: 0
        subsection: true
        title: "Kroppspo\xE4ng"
      skadebonus_smi:
        block: inline
        default: '-'
        enum:
        - '-'
        - +T4
        - +T6
        title: Skadebonus SMI
        type: string
      skadebonus_sty:
        block: inline
        default: '-'
        enum:
        - '-'
        - +T4
        - +T6
        title: Skadebonus STY
        type: string
      viljepoang:
        $ref: '#/$defs/Viljepoang'
        default:
          anvanda: 0
          poang: 0
        subsection: true
        title: "Viljepo\xE4ng"
    required:
    - skadebonus_sty
    - skadebonus_smi
    - forflyttning
    - viljepoang
    - kroppspoang
    title: SekundaraEgenskaper
    type: object
  SheetInfo:
    description: Basic info about the sheet.
    properties:
      gamename:
        const: Drakar och Demoner
        default: Drakar och Demoner
        title: Gamename
        type: string
      title:
        default: Unknown
        title: Title
        type: string
    title: SheetInfo
    type: object
  Vapen:
    description: Weapon.
    properties:
      "brytv\xE4rde":
        default: '-'
        title: "Brytv\xE4rde"
        type: string
      egenskaper:
        default: Krossande
        title: Egenskaper
        type: string
      grepp:
        default: '-'
        enum:
        - '-'
        - 1H
        - 2H
        title: Grepp
        type: string
      "r\xE4ckvidd":
        default: '2'
        title: "R\xE4ckvidd"
        type: string
      skada:
        default: T6
        title: Skada
        type: string
      vapen:
        default: "Obev\xE4pnad"
        title: "Vapen/sk\xF6ld"
        type: string
    required:
    - vapen
    - grepp
    - "r\xE4ckvidd"
    - skada
    - "brytv\xE4rde"
    - egenskaper
    title: Vapen
    type: object
  Viljepoang:
    description: Willpower points.
    properties:
      anvanda:
        default: 0
        maximum: 20
        title: "Anv\xE4nda"
        type: integer
        widget: progress
      poang:
        default: 0
        maximum: 20
        title: "Po\xE4ng"
        type: integer
    required:
    - poang
    - anvanda
    title: Viljepoang
    type: object
description: Character sheet.
properties:
  character_sheet:
    $ref: '#/$defs/Character'
  meta:
    $ref: '#/$defs/SheetInfo'
  system:
    default: dod
    title: System
    type: string
  version:
    default: 0.0.4
    title: Version
    type: string
required:
- version
- system
- meta
- character_sheet
title: DrakarOchDemoner
type: object
